// Vitest Snapshot v1, https://vitest.dev/guide/snapshot.html

exports[`AddAsset.vue > [Custom Asset Tab]: should be rendered correctly 1`] = `
<wallet-base-stub
  resetfocus="AddAssetTokenfalse"
  showback="true"
  showclose="false"
  showheader="true"
  title="Add asset"
  titlecenter="false"
  tooltip=""
/>
`;

exports[`AddAsset.vue > [Search Tab]: should be rendered correctly 1`] = `
<wallet-base-stub
  resetfocus="AddAssetTokenfalse"
  showback="true"
  showclose="false"
  showheader="true"
  title="Add asset"
  titlecenter="false"
  tooltip=""
/>
`;
