// Jest Snapshot v1, https://goo.gl/fbAQLP

exports[`AddAsset.vue should renders correctly 1`] = `
<wallet-base-stub
  showback="true"
  title=""
>
  <div
    class="add-asset"
  >
    <s-tabs-stub
      borderradius="small"
      position="top"
      type="rounded"
      value="AddAssetSearch"
    >
      <s-tab-stub
        name="AddAssetSearch"
      />
      <s-tab-stub
        name="AddAssetCustom"
      />
    </s-tabs-stub>
     
    <addassetsearch-stub />
  </div>
</wallet-base-stub>
`;
