// Jest Snapshot v1, https://goo.gl/fbAQLP

exports[`CreateToken.vue [Confirm Step]: should be rendered correctly 1`] = `
<wallet-base-stub
  showback="true"
  showheader="true"
  title="Create token"
  tooltip=""
>
  <div
    class="wallet-settings-create-token"
  >
    <info-line-stub
      assetsymbol=""
      fiatvalue=""
      label="Token symbol"
      labeltooltip=""
      value="TSYMBOL"
    />
     
    <info-line-stub
      assetsymbol=""
      fiatvalue=""
      label="Token name"
      labeltooltip=""
      value="Token name"
    />
     
    <info-line-stub
      assetsymbol=""
      fiatvalue=""
      label="Token supply"
      labeltooltip=""
      value="10,000,000,000"
    />
     
    <info-line-stub
      assetsymbol=""
      fiatvalue=""
      label="Extensible supply"
      labeltooltip=""
      value="Yes"
    />
     
    <s-button-stub
      borderradius="small"
      class="wallet-settings-create-token_action s-typography-button--large"
      icon=""
      iconposition="left"
      nativetype="button"
      size="medium"
      tabindex="0"
      tooltip=""
      tooltipplacement="top"
      type="primary"
      usedesignsystem="true"
    >
      Confirm
    </s-button-stub>
     
    <wallet-fee-stub
      value="0.007"
    />
  </div>
</wallet-base-stub>
`;

exports[`CreateToken.vue [Create Step]: should be rendered correctly 1`] = `
<wallet-base-stub
  showback="true"
  showheader="true"
  title="Create token"
  tooltip=""
>
  <div
    class="wallet-settings-create-token"
  >
    <s-input-stub
      accept=""
      autocomplete="off"
      borderradius="small"
      form=""
      label=""
      maxlength="7"
      minlength="1"
      name=""
      placeholder="Token symbol"
      prefix=""
      size="big"
      suffix=""
      tabindex=""
      type="text"
      usedesignsystem="true"
      value=""
    />
     
    <p
      class="wallet-settings-create-token_desc"
    >
      This is an identifier for the token. You can use from 1 to 7 characters for the selection.
    </p>
     
    <s-input-stub
      accept=""
      autocomplete="off"
      borderradius="small"
      form=""
      label=""
      maxlength="33"
      minlength="1"
      name=""
      placeholder="Token name"
      prefix=""
      size="big"
      suffix=""
      tabindex=""
      type="text"
      usedesignsystem="true"
      value=""
    />
     
    <p
      class="wallet-settings-create-token_desc"
    >
      This is a name for the token. You can use from 1 to 33 characters for the selection.
    </p>
     
    <s-float-input-stub
      decimals="18"
      delimiters="[object Object]"
      haslocalestring="true"
      max="170141183460469231731.687303715884105727"
      placeholder="Token supply"
      value=""
    />
     
    <p
      class="wallet-settings-create-token_desc"
    >
      You will receive these tokens upon creation.
    </p>
     
    <div
      class="wallet-settings-create-token_supply-block"
    >
      <s-switch-stub
        activeiconСlass=""
        activetext=""
        activevalue="true"
        inactiveiconСlass=""
        inactivetext=""
        name=""
        usedesignsystem="true"
        width="40"
      />
       
      <span>
        Extensible supply
      </span>
    </div>
     
    <p
      class="wallet-settings-create-token_desc"
    >
      Ability to mint more tokens.
    </p>
     
    <s-button-stub
      borderradius="small"
      class="wallet-settings-create-token_action s-typography-button--large"
      disabled="true"
      icon=""
      iconposition="left"
      nativetype="button"
      size="medium"
      tabindex="0"
      tooltip=""
      tooltipplacement="top"
      type="primary"
      usedesignsystem="true"
    >
      Enter token symbol
    </s-button-stub>
     
    <!---->
  </div>
</wallet-base-stub>
`;
