// Jest Snapshot v1, https://goo.gl/fbAQLP

exports[`SettingsLanguage.vue should renders correctly 1`] = `
<wallet-base-stub
  showback="true"
  title=""
>
  <div
    class="wallet-settings-language"
  >
    <div>
      <div
        class="wallet-settings-language-item s-flex"
      >
        <div
          class="wallet-settings-language-item-text s-flex"
        >
          <span
            class="wallet-settings-language-item-text_main active"
          >
            
            
          
          </span>
           
          <!---->
        </div>
         
        <s-icon-stub
          class="wallet-settings-language-item_icon active"
          name="check-mark"
          size="16"
        />
      </div>
       
      <s-divider-stub
        class="wallet-settings-language-item_divider"
        contentposition="center"
        direction="horizontal"
        type="secondary"
      />
    </div>
    <div>
      <div
        class="wallet-settings-language-item s-flex"
      >
        <div
          class="wallet-settings-language-item-text s-flex"
        >
          <span
            class="wallet-settings-language-item-text_main"
          >
            
            
          
          </span>
           
          <span
            class="wallet-settings-language-item-text_secondary"
          >
            
            
          
          </span>
        </div>
         
        <!---->
      </div>
       
      <!---->
    </div>
  </div>
</wallet-base-stub>
`;
