// Jest Snapshot v1, https://goo.gl/fbAQLP

exports[`SettingsAbout.vue should renders correctly 1`] = `
<wallet-base-stub
  showback="true"
  title=""
>
  <div
    class="wallet-settings-about"
  >
    <span
      class="wallet-settings-about_desc"
    >
      SORA Wallet
    </span>
     
    <div>
      <div
        class="wallet-settings-about-item s-flex"
      >
        <div
          class="wallet-settings-about-item-text s-flex"
        >
          <a
            class="wallet-settings-about-item-text_main"
            target="_blank"
          >
            
          </a>
        </div>
      </div>
       
      <s-divider-stub
        class="wallet-settings-about-item_divider"
        contentposition="center"
        direction="horizontal"
        type="secondary"
      />
    </div>
    <div>
      <div
        class="wallet-settings-about-item s-flex"
      >
        <div
          class="wallet-settings-about-item-text s-flex"
        >
          <a
            class="wallet-settings-about-item-text_main"
            target="_blank"
          >
            
          </a>
        </div>
      </div>
       
      <!---->
    </div>
  </div>
</wallet-base-stub>
`;
