// Jest Snapshot v1, https://goo.gl/fbAQLP

exports[`TokenLogo.vue should render correctly 1`] = `
<fragment-stub
  name="12cb0e4f4ff"
>
  <span
    class="s-icon-notifications-info-24 asset-logo asset-logo--medium"
  />
   
  <!---->
</fragment-stub>
`;

exports[`TokenLogo.vue should render nft-token-logo when asset.content exists 1`] = `
<fragment-stub
  name="7e07c14e05"
>
  <span
    class="asset-logo-nft asset-logo asset-logo--medium"
  />
   
  <nft-token-logo-stub
    asset="[object Object]"
    class="asset-logo asset-logo__nft-image asset-logo-nft asset-logo asset-logo--medium"
  />
</fragment-stub>
`;
