// Jest Snapshot v1, https://goo.gl/fbAQLP

exports[`WalletCreation.vue should renders correctly 1`] = `
<wallet-base-stub
  showback="true"
  title=""
>
  <div
    class="wallet-creation"
  >
    <s-input-stub
      accept=""
      autocomplete="off"
      borderradius="mini"
      form=""
      label=""
      name=""
      placeholder=""
      prefix=""
      size="big"
      suffix=""
      tabindex=""
      type="text"
      value=""
    />
     
    <div
      class="wallet-creation-hint"
    >
      
    </div>
     
    <s-select-stub
      autocomplete="off"
      borderradius="mini"
      inputtype="input"
      loadingtext="Loading"
      multiplelimit="0"
      multipletextprefix=""
      name=""
      nodatatext="No data"
      placeholder="Select"
      popperclass=""
      value="MnemonicSeed"
    >
      <s-option-stub
        label=""
        value="MnemonicSeed"
      />
    </s-select-stub>
     
    <div
      class="wallet-creation-hint"
    >
      
    </div>
     
    <s-tooltip-stub
      animation="none"
      borderradius="mini"
      class="header-tooltip"
      closedelay="0"
      content=""
      offset="0"
      opendelay="0"
      placement="bottom-end"
      popperclass="info-tooltip info-tooltip--header"
      tabindex="0"
      theme="light"
    >
      <s-button-stub
        borderradius="small"
        icon=""
        iconposition="left"
        nativetype="button"
        size="medium"
        tabindex="0"
        tooltip=""
        tooltipplacement="top"
        type="primary"
      >
        
        
      
      </s-button-stub>
    </s-tooltip-stub>
  </div>
</wallet-base-stub>
`;
