// Jest Snapshot v1, https://goo.gl/fbAQLP

exports[`WalletAccount.vue should renders correctly 1`] = `
<s-card-stub
  bodystyle="[object Object]"
  borderradius="mini"
  class="wallet-account"
  shadow="never"
>
  <div
    class="account s-flex"
  >
    <div
      class="account-avatar"
    />
     
    <div
      class="account-credentials s-flex"
    >
      <!---->
       
      <div
        class="account-credentials_address"
      >
        dfsakljfdlkjfhfkjladshslfjafds
      </div>
    </div>
     
    <s-button-stub
      borderradius="small"
      class="account-copy"
      icon="copy"
      iconposition="left"
      nativetype="button"
      size="medium"
      tabindex="0"
      tooltip=""
      tooltipplacement="top"
      type="link"
    />
     
    <!---->
  </div>
</s-card-stub>
`;
