// Vitest Snapshot v1, https://vitest.dev/guide/snapshot.html

exports[`WalletAssetsHeadline.vue > should be rendered correctly 1`] = `
<div
  class="wallet-assets-headline"
  data-v-e08c422e=""
>
  <div
    class="wallet-assets-headline__content"
    data-v-e08c422e=""
  >
    <div
      class="total-fiat-values"
      data-v-e08c422e=""
    >
      <span
        class="total-fiat-values__title"
        data-v-e08c422e=""
      >
        Total assets value:
      </span>
      <formatted-amount-stub
        assetsymbol=""
        customizablecurrency=""
        data-v-e08c422e=""
        fiatdefaultrounding="false"
        fontsizerate="normal"
        fontweightrate="normal"
        integeronly="true"
        isfiatvalue="true"
        symbolasdecimal="false"
        value="0"
        valuecanbehidden="true"
        withleftshift="true"
      />
    </div>
    <div
      class="el-popover-stub wallet-assets-filter"
      data-placement="top"
      data-trigger="click"
      data-v-e08c422e=""
      data-visible-arrow="false"
    >
      <div
        class="el-popover-stub__reference"
      >
        <div
          class="wallet-assets-filter__button"
          data-v-e08c422e=""
          tabindex="0"
        >
          SHOW: 
          <span
            class="wallet-assets-filter__button-option"
            data-v-e08c422e=""
          >
            ALL
          </span>
          <span
            class="wallet-assets-filter__button-icon"
            data-icon="basic-settings-24"
            data-v-e08c422e=""
            style="font-size: 14px;"
          />
        </div>
      </div>
      <div
        class="el-popover-stub__content"
      >
        <div
          class="wallet-assets-filter__text"
          data-v-e08c422e=""
        >
          Show assets
        </div>
        <div
          class="s-radio-group-stub"
          data-v-e08c422e=""
        >
          
          <label
            class="s-radio-stub"
            data-label="All"
            data-v-e08c422e=""
          >
            <input
              checked=""
              type="radio"
            />
            
            All
            
          </label>
          <label
            class="s-radio-stub"
            data-label="Currencies"
            data-v-e08c422e=""
          >
            <input
              type="radio"
            />
            
            Currencies
            
          </label>
          <label
            class="s-radio-stub"
            data-label="NFT"
            data-v-e08c422e=""
          >
            <input
              type="radio"
            />
            
            NFT
            
          </label>
          
        </div>
        <hr
          class="wallet-assets-filter__divider"
          data-v-e08c422e=""
        />
        <div
          class="wallet-assets-filter__switch"
          data-v-e08c422e=""
        >
          <button
            aria-pressed="false"
            class="s-switch-stub"
            data-v-e08c422e=""
            type="button"
          />
          <span
            data-v-e08c422e=""
          >
            Show verified assets only
          </span>
        </div>
        <div
          class="wallet-assets-filter__switch"
          data-v-e08c422e=""
        >
          <button
            aria-pressed="false"
            class="s-switch-stub"
            data-v-e08c422e=""
            type="button"
          />
          <span
            data-v-e08c422e=""
          >
            Hide 0 balance assets
          </span>
        </div>
      </div>
    </div>
  </div>
  <hr
    class="wallet-assets-headline__divider"
    data-v-e08c422e=""
  />
</div>
`;
