// Jest Snapshot v1, https://goo.gl/fbAQLP

exports[`WalletAssets.vue should renders correctly 1`] = `
<div
  class="wallet-assets s-flex"
>
  <div
    class="wallet-assets-item s-flex"
  >
    <i
      class="token-logo token-logo--xor"
    />
     
    <div
      class="amount s-flex"
    >
      <div
        class="amount-value"
      >
        undefined XOR
      </div>
       
      <div
        class="amount-converted"
      >
        $undefined USD
      </div>
    </div>
     
    <s-button-stub
      class="swap"
      icon="swap"
      icon-position="right"
      nativetype="button"
      size="small"
      tabindex="0"
      tooltip=""
      tooltipplacement="top"
      type="primary"
    >
      
          
        
    </s-button-stub>
     
    <s-button-stub
      class="details"
      icon=""
      nativetype="button"
      size="medium"
      tabindex="0"
      tooltip=""
      tooltipplacement="top"
      type="link"
    >
      <s-icon-stub
        name="chevron-right"
        size="12px"
      />
    </s-button-stub>
  </div>
   
  <!---->
   
  <s-button-stub
    class="wallet-assets-add"
    icon=""
    nativetype="button"
    size="medium"
    tabindex="0"
    tooltip=""
    tooltipplacement="top"
    type="tertiary"
  >
    
  </s-button-stub>
</div>
`;
