// Jest Snapshot v1, https://goo.gl/fbAQLP

exports[`WalletSettings.vue should renders correctly 1`] = `
<wallet-base-stub
  showback="true"
  title=""
>
  <div
    class="wallet-settings"
  >
    <s-select-stub
      autocomplete="off"
      borderradius="mini"
      disabled="true"
      inputtype="input"
      loadingtext="Loading"
      multiplelimit="0"
      multipletextprefix=""
      name=""
      nodatatext="No data"
      placeholder="Select"
      popperclass=""
      value="1"
    >
      <s-option-stub
        label="Main Ethereum Network"
        value="1"
      />
    </s-select-stub>
     
    <div>
      <div
        class="wallet-settings-item s-flex"
      >
        <div
          class="wallet-settings-item-text s-flex"
        >
          <span
            class="wallet-settings-item-text_main"
          >
            
          </span>
           
          <span
            class="wallet-settings-item-text_secondary"
          >
            
          </span>
        </div>
         
        <s-icon-stub
          class="wallet-settings-item_icon"
          name="chevron-right"
          size="12px"
        />
      </div>
       
      <s-divider-stub
        class="wallet-settings-item_divider"
        contentposition="center"
        direction="horizontal"
        type="secondary"
      />
    </div>
    <div>
      <div
        class="wallet-settings-item s-flex"
      >
        <div
          class="wallet-settings-item-text s-flex"
        >
          <span
            class="wallet-settings-item-text_main"
          >
            
          </span>
           
          <span
            class="wallet-settings-item-text_secondary"
          >
            
          </span>
        </div>
         
        <s-icon-stub
          class="wallet-settings-item_icon"
          name="chevron-right"
          size="12px"
        />
      </div>
       
      <s-divider-stub
        class="wallet-settings-item_divider"
        contentposition="center"
        direction="horizontal"
        type="secondary"
      />
    </div>
    <div>
      <div
        class="wallet-settings-item s-flex"
      >
        <div
          class="wallet-settings-item-text s-flex"
        >
          <span
            class="wallet-settings-item-text_main"
          >
            
          </span>
           
          <span
            class="wallet-settings-item-text_secondary"
          >
            
          </span>
        </div>
         
        <s-icon-stub
          class="wallet-settings-item_icon"
          name="chevron-right"
          size="12px"
        />
      </div>
       
      <!---->
    </div>
     
    <div
      class="wallet-settings_action s-flex"
    >
      <s-button-stub
        borderradius="small"
        icon=""
        iconposition="left"
        nativetype="button"
        size="small"
        tabindex="0"
        tooltip=""
        tooltipplacement="top"
        type="secondary"
      >
        
        
      
      </s-button-stub>
    </div>
  </div>
</wallet-base-stub>
`;
