// Jest Snapshot v1, https://goo.gl/fbAQLP

exports[`WalletBase.vue should renders correctly 1`] = `
<div
  class="history s-flex"
>
  <div
    class="history-item s-flex"
  >
    <div
      class="info s-flex"
    >
      <div
        class="info-operation"
      >
        SWAP
      </div>
       
      <div
        class="info-text"
      >
        <span>
          100 XOR for 24390.1239 KSM
        </span>
         
        <s-button-stub
          class="info-text_explorer"
          icon=""
          nativetype="button"
          size="small"
          tabindex="0"
          tooltip=""
          tooltipplacement="top"
          type="link"
        >
          <s-icon-stub
            name="external-link"
            size="16px"
          />
        </s-button-stub>
      </div>
       
      <s-icon-stub
        class="info-status info-status--loading"
        name="refresh"
        size="20px"
      />
    </div>
     
    <div
      class="date"
    >
      27.11.2020, 11:59:59
    </div>
  </div>
</div>
`;
