// Jest Snapshot v1, https://goo.gl/fbAQLP

exports[`WalletAccount.vue should be rendered correctly 1`] = `
<s-card
  borderradius="medium"
  class="account-card"
  shadow="always"
  size="small"
>
  <div
    class="account"
  >
    <div
      class="account-avatar"
    >
      <wallet-avatar-stub
        address=""
        class="account-gravatar"
        size="28"
        slot="avatar"
        theme="polkadot"
      />
    </div>
     
    <div
      class="account-details s-flex"
    >
      <div
        class="account-credentials s-flex"
      >
        <div
          class="account-credentials_name"
        >
          Polkadot Name
        </div>
         
        <div
          class="account-credentials_description"
        >
          <s-tooltip
            content="Copy Wallet address"
            tabindex="-1"
          >
            <div
              class="formatted-address"
            >
              
      
    
            </div>
          </s-tooltip>
        </div>
      </div>
       
      <!---->
       
    </div>
  </div>
</s-card>
`;
