// Vitest Snapshot v1, https://vitest.dev/guide/snapshot.html

exports[`WalletAdarTxDetails.vue > [SwapTransferBatch, finalized]: should be rendered correctly 1`] = `
<div
  class="adar-tx-details"
  data-v-29884087=""
>
  <div
    class="adar-tx-details__title"
    data-v-29884087=""
  >
    Transaction details
  </div>
  <div
    class="adar-tx-details__txs-container"
    data-v-29884087=""
  >
    
    <div
      data-v-29884087=""
    >
      <transaction-hash-view-stub
        block=""
        class="adar-tx-details__account-id"
        data-v-29884087=""
        hash=""
        translation="transaction.to"
        type="account"
        value="cnRXua6zs8TaE87BQFL6uWVbT2g6GXsUjwk6PTvL6UHcHDCvo"
      />
      <info-line-stub
        assetsymbol="XOR"
        data-v-29884087=""
        fiatvalue=""
        isformatted="true"
        label="Amount"
        labeltooltip=""
        value="0.732178"
        valuecanbehidden="true"
        valuetooltip=""
      />
    </div>
    <div
      data-v-29884087=""
    >
      <transaction-hash-view-stub
        block=""
        class="adar-tx-details__account-id"
        data-v-29884087=""
        hash=""
        translation="transaction.to"
        type="account"
        value="cnV2xJFCvXN9fx3DHt9FJWovPkVVBu1vtuzmhr2QnedmZqQ6J"
      />
      <info-line-stub
        assetsymbol="VAL"
        data-v-29884087=""
        fiatvalue=""
        isformatted="true"
        label="Amount"
        labeltooltip=""
        value="0.8836505"
        valuecanbehidden="true"
        valuetooltip=""
      />
    </div>
    
  </div>
  <s-pagination-stub
    class="adar-tx-details__pagination-panel"
    currentpage="1"
    data-v-29884087=""
    layout="prev, total, next"
    pagesize="4"
    pagesizes="10,50,100"
    sizeslabel="Rows per page"
    total="2"
  />
</div>
`;
