// Vitest Snapshot v1, https://vitest.dev/guide/snapshot.html

exports[`Wallet.vue > [WalletTabs.WalletAssets]: should be rendered correctly 1`] = `
<wallet-base-stub
  data-v-700fe8f9=""
  resetfocus="Account"
  showback="false"
  showclose="false"
  showheader="true"
  title="Account"
  titlecenter="false"
  tooltip=""
/>
`;

exports[`Wallet.vue > [WalletTabs.WalletHistory]: should be rendered correctly 1`] = `
<wallet-base-stub
  data-v-700fe8f9=""
  resetfocus="Account"
  showback="false"
  showclose="false"
  showheader="true"
  title="Account"
  titlecenter="false"
  tooltip=""
/>
`;
