// Jest Snapshot v1, https://goo.gl/fbAQLP

exports[`WalletBase.vue should be rendered correctly 1`] = `
<div
  class="el-card s-card base is-always-shadow s-status-default s-size-big s-border-radius-medium s-primary"
>
  <div
    class="el-card__header"
  >
    <div
      class="base-title s-flex"
      tabindex="-1"
    >
      <!---->
       
      <h3
        class="base-title_text"
      >
        
        
        
        <!---->
      </h3>
       
      <div
        class="base-title_action"
      />
       
      <!---->
    </div>
  </div>
  <div
    class="el-card__body"
  />
</div>
`;
