// Jest Snapshot v1, https://goo.gl/fbAQLP

exports[`Wallet.vue should renders correctly 1`] = `
<wallet-base-stub
  showsettings="true"
  title=""
>
  <wallet-account-stub
    name="Mock"
    showmenu="true"
  />
   
  <div
    class="wallet"
  >
    <s-tabs-stub
      borderradius="small"
      position="top"
      type="rounded"
      value="WalletAssets"
    >
      <s-tab-stub
        name="WalletAssets"
      />
      <s-tab-stub
        name="WalletActivity"
      />
    </s-tabs-stub>
     
    <walletassets-stub />
  </div>
</wallet-base-stub>
`;
