// Vitest Snapshot v1, https://vitest.dev/guide/snapshot.html

exports[`WalletSend.vue > [Confirm Step]: should be rendered correctly 1`] = `
<wallet-base-stub
  data-v-d2f12a45=""
  resetfocus="1"
  showback="true"
  showclose="false"
  showheader="true"
  title="Send"
  titlecenter="false"
  tooltip="Send tokens between SORA network accounts"
/>
`;

exports[`WalletSend.vue > [Create Step: Empty Fields]: should be rendered correctly 1`] = `
<wallet-base-stub
  data-v-d2f12a45=""
  resetfocus="1"
  showback="true"
  showclose="false"
  showheader="true"
  title="Send"
  titlecenter="false"
  tooltip="Send tokens between SORA network accounts"
/>
`;

exports[`WalletSend.vue > [Create Step: Incorrect Address]: should be rendered correctly 1`] = `
<wallet-base-stub
  data-v-d2f12a45=""
  resetfocus="1"
  showback="true"
  showclose="false"
  showheader="true"
  title="Send"
  titlecenter="false"
  tooltip="Send tokens between SORA network accounts"
/>
`;

exports[`WalletSend.vue > [Create Step: Not SORA Address]: should be rendered correctly 1`] = `
<wallet-base-stub
  data-v-d2f12a45=""
  resetfocus="1"
  showback="true"
  showclose="false"
  showheader="true"
  title="Send"
  titlecenter="false"
  tooltip="Send tokens between SORA network accounts"
/>
`;

exports[`WalletSend.vue > [Create Step: The Same Account]: should be rendered correctly 1`] = `
<wallet-base-stub
  data-v-d2f12a45=""
  resetfocus="1"
  showback="true"
  showclose="false"
  showheader="true"
  title="Send"
  titlecenter="false"
  tooltip="Send tokens between SORA network accounts"
/>
`;
