// Jest Snapshot v1, https://goo.gl/fbAQLP

exports[`WalletSend.vue should renders correctly 1`] = `
<wallet-base-stub
  showback="true"
  title=""
>
  <div
    class="wallet-send"
  >
    <s-input-stub
      accept=""
      autocomplete="off"
      borderradius="mini"
      class="wallet-send-address"
      form=""
      label=""
      maxlength="128"
      name=""
      placeholder=""
      prefix=""
      size="big"
      suffix=""
      tabindex=""
      type="text"
      value=""
    />
     
    <div
      class="wallet-send-amount"
    >
      <div
        class="input-line"
      >
        <div
          class="input-line-title"
        >
          
        </div>
         
        <div
          class="input-line-balance"
        >
          <span
            class="asset-balance-title"
          >
            
          </span>
           
          <span
            class="asset-balance-value"
          >
            12787.09
          </span>
        </div>
      </div>
       
      <div
        class="input-line"
      >
        <s-input-stub
          accept=""
          autocomplete="off"
          borderradius="small"
          class="s-input--token-value"
          form=""
          label=""
          name=""
          placeholder="0.00"
          prefix=""
          size="big"
          suffix=""
          tabindex=""
          type="text"
          value=""
        />
         
        <div
          class="asset s-flex"
        >
          <s-button-stub
            borderradius="mini"
            class="asset-max"
            icon=""
            iconposition="left"
            nativetype="button"
            size="small"
            tabindex="0"
            tooltip=""
            tooltipplacement="top"
            type="tertiary"
          >
            
              
            
          </s-button-stub>
           
          <i
            class="asset-logo asset-logo--xor"
          />
           
          <span
            class="asset-name"
          >
            XOR
          </span>
        </div>
      </div>
    </div>
     
    <!---->
     
    <s-button-stub
      borderradius="small"
      class="wallet-send-action"
      disabled="true"
      icon=""
      iconposition="left"
      nativetype="button"
      size="medium"
      tabindex="0"
      tooltip=""
      tooltipplacement="top"
      type="primary"
    >
      
          
        
    </s-button-stub>
  </div>
</wallet-base-stub>
`;
