// Jest Snapshot v1, https://goo.gl/fbAQLP

exports[`WalletAssets.vue should be rendered correctly 1`] = `
<div
  class="wallet-assets wallet-assets--fiat s-flex"
>
  <wallet-assets-headline-stub
    assetsfiatamount="151.782"
  />
   
  <s-scrollbar-stub
    class="wallet-assets-scrollbar"
    tag="div"
  >
    <draggable-stub
      class="wallet-assets__draggable"
      clone="[Function]"
      element="div"
      options="[object Object]"
      value="[object Object],[object Object],[object Object]"
    >
      <div
        class="wallet-assets-item__wrapper"
      >
        <div
          class="wallet-assets-item s-flex"
        >
          <div
            class="wallet-assets-dashes"
          >
            <div
              class="wallet-assets-three-dash"
            />
          </div>
           
          <asset-list-item-stub
            asset="[object Object]"
            withclickablelogo="true"
            withfiat="true"
          />
           
          <s-divider-stub
            class="wallet-assets-divider"
            contentposition="center"
            direction="horizontal"
            type="secondary"
          />
        </div>
      </div>
      <div
        class="wallet-assets-item__wrapper"
      >
        <div
          class="wallet-assets-item s-flex"
        >
          <div
            class="wallet-assets-dashes"
          >
            <div
              class="wallet-assets-three-dash"
            />
          </div>
           
          <asset-list-item-stub
            asset="[object Object]"
            withclickablelogo="true"
            withfiat="true"
          />
           
          <s-divider-stub
            class="wallet-assets-divider"
            contentposition="center"
            direction="horizontal"
            type="secondary"
          />
        </div>
      </div>
      <div
        class="wallet-assets-item__wrapper"
      >
        <div
          class="wallet-assets-item s-flex"
        >
          <div
            class="wallet-assets-dashes"
          >
            <div
              class="wallet-assets-three-dash"
            />
          </div>
           
          <asset-list-item-stub
            asset="[object Object]"
            withclickablelogo="true"
            withfiat="true"
          />
           
          <s-divider-stub
            class="wallet-assets-divider"
            contentposition="center"
            direction="horizontal"
            type="secondary"
          />
        </div>
      </div>
       
      <!---->
    </draggable-stub>
  </s-scrollbar-stub>
   
  <s-button-stub
    borderradius="small"
    class="wallet-assets-add s-typography-button--large"
    icon=""
    iconposition="left"
    nativetype="button"
    size="medium"
    tabindex="0"
    tooltip=""
    tooltipplacement="top"
    type="secondary"
    usedesignsystem="true"
  >
    
    Add asset
  
  </s-button-stub>
</div>
`;
